Archive member included to satisfy reference by file (symbol)

/usr/lib/x86_64-linux-gnu/libc_nonshared.a(elf-init.oS)
                              /usr/lib/gcc/x86_64-linux-gnu/9/../../../x86_64-linux-gnu/Scrt1.o (__libc_csu_init)

Merging program properties


As-needed library included to satisfy reference by file (symbol)

libc.so.6                     ./src/stats.o (puts@@GLIBC_2.2.5)

Discarded input sections

 .note.GNU-stack
                0x0000000000000000        0x0 /usr/lib/gcc/x86_64-linux-gnu/9/../../../x86_64-linux-gnu/Scrt1.o
 .note.gnu.property
                0x0000000000000000       0x20 /usr/lib/gcc/x86_64-linux-gnu/9/../../../x86_64-linux-gnu/crti.o
 .note.GNU-stack
                0x0000000000000000        0x0 /usr/lib/gcc/x86_64-linux-gnu/9/../../../x86_64-linux-gnu/crti.o
 .note.GNU-stack
                0x0000000000000000        0x0 /usr/lib/gcc/x86_64-linux-gnu/9/crtbeginS.o
 .note.gnu.property
                0x0000000000000000       0x20 /usr/lib/gcc/x86_64-linux-gnu/9/crtbeginS.o
 .note.GNU-stack
                0x0000000000000000        0x0 ./src/main.o
 .note.gnu.property
                0x0000000000000000       0x20 ./src/main.o
 .note.GNU-stack
                0x0000000000000000        0x0 ./src/memory.o
 .note.gnu.property
                0x0000000000000000       0x20 ./src/memory.o
 .note.GNU-stack
                0x0000000000000000        0x0 ./src/stats.o
 .note.gnu.property
                0x0000000000000000       0x20 ./src/stats.o
 .note.GNU-stack
                0x0000000000000000        0x0 ./src/data.o
 .note.gnu.property
                0x0000000000000000       0x20 ./src/data.o
 .note.GNU-stack
                0x0000000000000000        0x0 ./src/course1.o
 .note.gnu.property
                0x0000000000000000       0x20 ./src/course1.o
 .note.GNU-stack
                0x0000000000000000        0x0 /usr/lib/x86_64-linux-gnu/libc_nonshared.a(elf-init.oS)
 .note.gnu.property
                0x0000000000000000       0x20 /usr/lib/x86_64-linux-gnu/libc_nonshared.a(elf-init.oS)
 .note.GNU-stack
                0x0000000000000000        0x0 /usr/lib/gcc/x86_64-linux-gnu/9/crtendS.o
 .note.gnu.property
                0x0000000000000000       0x20 /usr/lib/gcc/x86_64-linux-gnu/9/crtendS.o
 .note.gnu.property
                0x0000000000000000       0x20 /usr/lib/gcc/x86_64-linux-gnu/9/../../../x86_64-linux-gnu/crtn.o
 .note.GNU-stack
                0x0000000000000000        0x0 /usr/lib/gcc/x86_64-linux-gnu/9/../../../x86_64-linux-gnu/crtn.o

Memory Configuration

Name             Origin             Length             Attributes
*default*        0x0000000000000000 0xffffffffffffffff

Linker script and memory map

LOAD /usr/lib/gcc/x86_64-linux-gnu/9/../../../x86_64-linux-gnu/Scrt1.o
LOAD /usr/lib/gcc/x86_64-linux-gnu/9/../../../x86_64-linux-gnu/crti.o
LOAD /usr/lib/gcc/x86_64-linux-gnu/9/crtbeginS.o
LOAD ./src/main.o
LOAD ./src/memory.o
LOAD ./src/stats.o
LOAD ./src/data.o
LOAD ./src/course1.o
LOAD /usr/lib/gcc/x86_64-linux-gnu/9/libgcc.a
LOAD /usr/lib/gcc/x86_64-linux-gnu/9/libgcc_s.so
START GROUP
LOAD /usr/lib/gcc/x86_64-linux-gnu/9/../../../x86_64-linux-gnu/libgcc_s.so.1
LOAD /usr/lib/gcc/x86_64-linux-gnu/9/libgcc.a
END GROUP
LOAD /usr/lib/gcc/x86_64-linux-gnu/9/../../../x86_64-linux-gnu/libc.so
START GROUP
LOAD /lib/x86_64-linux-gnu/libc.so.6
LOAD /usr/lib/x86_64-linux-gnu/libc_nonshared.a
LOAD /lib/x86_64-linux-gnu/ld-linux-x86-64.so.2
END GROUP
LOAD /usr/lib/gcc/x86_64-linux-gnu/9/libgcc.a
LOAD /usr/lib/gcc/x86_64-linux-gnu/9/libgcc_s.so
START GROUP
LOAD /usr/lib/gcc/x86_64-linux-gnu/9/../../../x86_64-linux-gnu/libgcc_s.so.1
LOAD /usr/lib/gcc/x86_64-linux-gnu/9/libgcc.a
END GROUP
LOAD /usr/lib/gcc/x86_64-linux-gnu/9/crtendS.o
LOAD /usr/lib/gcc/x86_64-linux-gnu/9/../../../x86_64-linux-gnu/crtn.o
                [!provide]                        PROVIDE (__executable_start = SEGMENT_START ("text-segment", 0x0))
                0x0000000000000318                . = (SEGMENT_START ("text-segment", 0x0) + SIZEOF_HEADERS)

.interp         0x0000000000000318       0x1c
 *(.interp)
 .interp        0x0000000000000318       0x1c /usr/lib/gcc/x86_64-linux-gnu/9/../../../x86_64-linux-gnu/Scrt1.o

.note.gnu.property
                0x0000000000000338       0x20
 .note.gnu.property
                0x0000000000000338       0x20 /usr/lib/gcc/x86_64-linux-gnu/9/../../../x86_64-linux-gnu/Scrt1.o

.note.gnu.build-id
                0x0000000000000358       0x24
 *(.note.gnu.build-id)
 .note.gnu.build-id
                0x0000000000000358       0x24 /usr/lib/gcc/x86_64-linux-gnu/9/../../../x86_64-linux-gnu/Scrt1.o

.note.ABI-tag   0x000000000000037c       0x20
 .note.ABI-tag  0x000000000000037c       0x20 /usr/lib/gcc/x86_64-linux-gnu/9/../../../x86_64-linux-gnu/Scrt1.o

.hash
 *(.hash)

.gnu.hash       0x00000000000003a0       0x24
 *(.gnu.hash)
 .gnu.hash      0x00000000000003a0       0x24 /usr/lib/gcc/x86_64-linux-gnu/9/../../../x86_64-linux-gnu/Scrt1.o

.dynsym         0x00000000000003c8      0x120
 *(.dynsym)
 .dynsym        0x00000000000003c8      0x120 /usr/lib/gcc/x86_64-linux-gnu/9/../../../x86_64-linux-gnu/Scrt1.o

.dynstr         0x00000000000004e8       0xb8
 *(.dynstr)
 .dynstr        0x00000000000004e8       0xb8 /usr/lib/gcc/x86_64-linux-gnu/9/../../../x86_64-linux-gnu/Scrt1.o

.gnu.version    0x00000000000005a0       0x18
 *(.gnu.version)
 .gnu.version   0x00000000000005a0       0x18 /usr/lib/gcc/x86_64-linux-gnu/9/../../../x86_64-linux-gnu/Scrt1.o

.gnu.version_d  0x00000000000005b8        0x0
 *(.gnu.version_d)
 .gnu.version_d
                0x00000000000005b8        0x0 /usr/lib/gcc/x86_64-linux-gnu/9/../../../x86_64-linux-gnu/Scrt1.o

.gnu.version_r  0x00000000000005b8       0x30
 *(.gnu.version_r)
 .gnu.version_r
                0x00000000000005b8       0x30 /usr/lib/gcc/x86_64-linux-gnu/9/../../../x86_64-linux-gnu/Scrt1.o

.rela.dyn       0x00000000000005e8       0xc0
 *(.rela.init)
 *(.rela.text .rela.text.* .rela.gnu.linkonce.t.*)
 .rela.text     0x00000000000005e8        0x0 /usr/lib/gcc/x86_64-linux-gnu/9/../../../x86_64-linux-gnu/Scrt1.o
 *(.rela.fini)
 *(.rela.rodata .rela.rodata.* .rela.gnu.linkonce.r.*)
 *(.rela.data .rela.data.* .rela.gnu.linkonce.d.*)
 .rela.data.rel.ro
                0x00000000000005e8        0x0 /usr/lib/gcc/x86_64-linux-gnu/9/../../../x86_64-linux-gnu/Scrt1.o
 .rela.data.rel.local
                0x00000000000005e8       0x18 /usr/lib/gcc/x86_64-linux-gnu/9/../../../x86_64-linux-gnu/Scrt1.o
 *(.rela.tdata .rela.tdata.* .rela.gnu.linkonce.td.*)
 *(.rela.tbss .rela.tbss.* .rela.gnu.linkonce.tb.*)
 *(.rela.ctors)
 *(.rela.dtors)
 *(.rela.got)
 .rela.got      0x0000000000000600       0x78 /usr/lib/gcc/x86_64-linux-gnu/9/../../../x86_64-linux-gnu/Scrt1.o
 *(.rela.bss .rela.bss.* .rela.gnu.linkonce.b.*)
 .rela.bss      0x0000000000000678        0x0 /usr/lib/gcc/x86_64-linux-gnu/9/../../../x86_64-linux-gnu/Scrt1.o
 *(.rela.ldata .rela.ldata.* .rela.gnu.linkonce.l.*)
 *(.rela.lbss .rela.lbss.* .rela.gnu.linkonce.lb.*)
 *(.rela.lrodata .rela.lrodata.* .rela.gnu.linkonce.lr.*)
 *(.rela.ifunc)
 .rela.ifunc    0x0000000000000678        0x0 /usr/lib/gcc/x86_64-linux-gnu/9/../../../x86_64-linux-gnu/Scrt1.o
 .rela.fini_array
                0x0000000000000678       0x18 /usr/lib/gcc/x86_64-linux-gnu/9/../../../x86_64-linux-gnu/Scrt1.o
 .rela.init_array
                0x0000000000000690       0x18 /usr/lib/gcc/x86_64-linux-gnu/9/../../../x86_64-linux-gnu/Scrt1.o

.rela.plt       0x00000000000006a8       0x90
 *(.rela.plt)
 .rela.plt      0x00000000000006a8       0x90 /usr/lib/gcc/x86_64-linux-gnu/9/../../../x86_64-linux-gnu/Scrt1.o
 *(.rela.iplt)
                0x0000000000001000                . = ALIGN (CONSTANT (MAXPAGESIZE))

.init           0x0000000000001000       0x1b
 *(SORT_NONE(.init))
 .init          0x0000000000001000       0x16 /usr/lib/gcc/x86_64-linux-gnu/9/../../../x86_64-linux-gnu/crti.o
                0x0000000000001000                _init
 .init          0x0000000000001016        0x5 /usr/lib/gcc/x86_64-linux-gnu/9/../../../x86_64-linux-gnu/crtn.o

.plt            0x0000000000001020       0x70
 *(.plt)
 .plt           0x0000000000001020       0x70 /usr/lib/gcc/x86_64-linux-gnu/9/../../../x86_64-linux-gnu/Scrt1.o
 *(.iplt)

.plt.got        0x0000000000001090       0x10
 *(.plt.got)
 .plt.got       0x0000000000001090       0x10 /usr/lib/gcc/x86_64-linux-gnu/9/../../../x86_64-linux-gnu/Scrt1.o
                0x0000000000001090                __cxa_finalize@@GLIBC_2.2.5

.plt.sec        0x00000000000010a0       0x60
 *(.plt.sec)
 .plt.sec       0x00000000000010a0       0x60 /usr/lib/gcc/x86_64-linux-gnu/9/../../../x86_64-linux-gnu/Scrt1.o
                0x00000000000010a0                free@@GLIBC_2.2.5
                0x00000000000010b0                putchar@@GLIBC_2.2.5
                0x00000000000010c0                puts@@GLIBC_2.2.5
                0x00000000000010d0                __stack_chk_fail@@GLIBC_2.4
                0x00000000000010e0                printf@@GLIBC_2.2.5
                0x00000000000010f0                malloc@@GLIBC_2.2.5

.text           0x0000000000001100     0x1175
 *(.text.unlikely .text.*_unlikely .text.unlikely.*)
 *(.text.exit .text.exit.*)
 *(.text.startup .text.startup.*)
 *(.text.hot .text.hot.*)
 *(SORT_BY_NAME(.text.sorted.*))
 *(.text .stub .text.* .gnu.linkonce.t.*)
 .text          0x0000000000001100       0x2f /usr/lib/gcc/x86_64-linux-gnu/9/../../../x86_64-linux-gnu/Scrt1.o
                0x0000000000001100                _start
 .text          0x000000000000112f        0x0 /usr/lib/gcc/x86_64-linux-gnu/9/../../../x86_64-linux-gnu/crti.o
 *fill*         0x000000000000112f        0x1 
 .text          0x0000000000001130       0xb9 /usr/lib/gcc/x86_64-linux-gnu/9/crtbeginS.o
 .text          0x00000000000011e9        0xf ./src/main.o
                0x00000000000011e9                main
 .text          0x00000000000011f8      0x2be ./src/memory.o
                0x00000000000011f8                set_value
                0x000000000000121f                clear_value
                0x000000000000124b                get_value
                0x0000000000001269                set_all
                0x00000000000012af                clear_all
                0x00000000000012d9                my_memmove
                0x0000000000001322                my_memcopy
                0x0000000000001367                my_memset
                0x00000000000013aa                my_memzero
                0x00000000000013e5                my_reverse
                0x0000000000001475                reserve_words
                0x0000000000001497                free_words
 .text          0x00000000000014b6      0x389 ./src/stats.o
                0x00000000000014b6                print_statistics
                0x000000000000159a                find_maximum
                0x00000000000015e0                find_minimum
                0x00000000000015f5                find_median
                0x00000000000016b1                find_mean
                0x0000000000001713                sort_array
                0x00000000000017d8                print_array
 .text          0x000000000000183f      0x131 ./src/data.o
                0x000000000000183f                my_itoa
                0x00000000000018c3                my_atoi
 .text          0x0000000000001970      0x88d ./src/course1.o
                0x0000000000001970                test_data1
                0x0000000000001a05                test_data2
                0x0000000000001a9a                test_memmove1
                0x0000000000001b8d                test_memmove2
                0x0000000000001c80                test_memmove3
                0x0000000000001d78                test_memcopy
                0x0000000000001e6b                test_memset
                0x0000000000001f95                test_reverse
                0x00000000000020ce                course1
 *fill*         0x00000000000021fd        0x3 
 .text          0x0000000000002200       0x75 /usr/lib/x86_64-linux-gnu/libc_nonshared.a(elf-init.oS)
                0x0000000000002200                __libc_csu_init
                0x0000000000002270                __libc_csu_fini
 .text          0x0000000000002275        0x0 /usr/lib/gcc/x86_64-linux-gnu/9/crtendS.o
 .text          0x0000000000002275        0x0 /usr/lib/gcc/x86_64-linux-gnu/9/../../../x86_64-linux-gnu/crtn.o
 *(.gnu.warning)

.fini           0x0000000000002278        0xd
 *(SORT_NONE(.fini))
 .fini          0x0000000000002278        0x8 /usr/lib/gcc/x86_64-linux-gnu/9/../../../x86_64-linux-gnu/crti.o
                0x0000000000002278                _fini
 .fini          0x0000000000002280        0x5 /usr/lib/gcc/x86_64-linux-gnu/9/../../../x86_64-linux-gnu/crtn.o
                [!provide]                        PROVIDE (__etext = .)
                [!provide]                        PROVIDE (_etext = .)
                [!provide]                        PROVIDE (etext = .)
                0x0000000000003000                . = ALIGN (CONSTANT (MAXPAGESIZE))
                0x0000000000003000                . = SEGMENT_START ("rodata-segment", (ALIGN (CONSTANT (MAXPAGESIZE)) + (. & (CONSTANT (MAXPAGESIZE) - 0x1))))

.rodata         0x0000000000003000      0x1dd
 *(.rodata .rodata.* .gnu.linkonce.r.*)
 .rodata.cst4   0x0000000000003000        0x4 /usr/lib/gcc/x86_64-linux-gnu/9/../../../x86_64-linux-gnu/Scrt1.o
                0x0000000000003000                _IO_stdin_used
 *fill*         0x0000000000003004        0x4 
 .rodata        0x0000000000003008       0xa0 ./src/stats.o
 .rodata        0x00000000000030a8      0x135 ./src/course1.o

.rodata1
 *(.rodata1)

.eh_frame_hdr   0x00000000000031e0      0x134
 *(.eh_frame_hdr)
 .eh_frame_hdr  0x00000000000031e0      0x134 /usr/lib/gcc/x86_64-linux-gnu/9/../../../x86_64-linux-gnu/Scrt1.o
                0x00000000000031e0                __GNU_EH_FRAME_HDR
 *(.eh_frame_entry .eh_frame_entry.*)

.eh_frame       0x0000000000003318      0x4c8
 *(.eh_frame)
 .eh_frame      0x0000000000003318       0x30 /usr/lib/gcc/x86_64-linux-gnu/9/../../../x86_64-linux-gnu/Scrt1.o
                                         0x2c (size before relaxing)
 *fill*         0x0000000000003348        0x0 
 .eh_frame      0x0000000000003348       0x28 /usr/lib/gcc/x86_64-linux-gnu/9/../../../x86_64-linux-gnu/Scrt1.o
                                         0x40 (size before relaxing)
 .eh_frame      0x0000000000003370       0x18 /usr/lib/gcc/x86_64-linux-gnu/9/../../../x86_64-linux-gnu/Scrt1.o
                                         0x30 (size before relaxing)
 .eh_frame      0x0000000000003388       0x18 /usr/lib/gcc/x86_64-linux-gnu/9/../../../x86_64-linux-gnu/Scrt1.o
                                         0x30 (size before relaxing)
 .eh_frame      0x00000000000033a0       0x20 ./src/main.o
                                         0x38 (size before relaxing)
 .eh_frame      0x00000000000033c0      0x180 ./src/memory.o
                                        0x198 (size before relaxing)
 .eh_frame      0x0000000000003540       0xe0 ./src/stats.o
                                         0xf8 (size before relaxing)
 .eh_frame      0x0000000000003620       0x40 ./src/data.o
                                         0x58 (size before relaxing)
 .eh_frame      0x0000000000003660      0x120 ./src/course1.o
                                        0x138 (size before relaxing)
 .eh_frame      0x0000000000003780       0x5c /usr/lib/x86_64-linux-gnu/libc_nonshared.a(elf-init.oS)
                                         0x78 (size before relaxing)
 .eh_frame      0x00000000000037dc        0x4 /usr/lib/gcc/x86_64-linux-gnu/9/crtendS.o
 *(.eh_frame.*)

.gcc_except_table
 *(.gcc_except_table .gcc_except_table.*)

.gnu_extab
 *(.gnu_extab*)

.exception_ranges
 *(.exception_ranges*)
                0x0000000000004d90                . = DATA_SEGMENT_ALIGN (CONSTANT (MAXPAGESIZE), CONSTANT (COMMONPAGESIZE))

.eh_frame
 *(.eh_frame)
 *(.eh_frame.*)

.gnu_extab
 *(.gnu_extab)

.gcc_except_table
 *(.gcc_except_table .gcc_except_table.*)

.exception_ranges
 *(.exception_ranges*)

.tdata          0x0000000000004d90        0x0
                [!provide]                        PROVIDE (__tdata_start = .)
 *(.tdata .tdata.* .gnu.linkonce.td.*)

.tbss
 *(.tbss .tbss.* .gnu.linkonce.tb.*)
 *(.tcommon)

.preinit_array  0x0000000000004d90        0x0
                [!provide]                        PROVIDE (__preinit_array_start = .)
 *(.preinit_array)
                [!provide]                        PROVIDE (__preinit_array_end = .)

.init_array     0x0000000000004d90        0x8
                0x0000000000004d90                PROVIDE (__init_array_start = .)
 *(SORT_BY_INIT_PRIORITY(.init_array.*) SORT_BY_INIT_PRIORITY(.ctors.*))
 *(.init_array EXCLUDE_FILE(*crtend?.o *crtend.o *crtbegin?.o *crtbegin.o) .ctors)
 .init_array    0x0000000000004d90        0x8 /usr/lib/gcc/x86_64-linux-gnu/9/crtbeginS.o
                0x0000000000004d98                PROVIDE (__init_array_end = .)

.fini_array     0x0000000000004d98        0x8
                [!provide]                        PROVIDE (__fini_array_start = .)
 *(SORT_BY_INIT_PRIORITY(.fini_array.*) SORT_BY_INIT_PRIORITY(.dtors.*))
 *(.fini_array EXCLUDE_FILE(*crtend?.o *crtend.o *crtbegin?.o *crtbegin.o) .dtors)
 .fini_array    0x0000000000004d98        0x8 /usr/lib/gcc/x86_64-linux-gnu/9/crtbeginS.o
                [!provide]                        PROVIDE (__fini_array_end = .)

.ctors
 *crtbegin.o(.ctors)
 *crtbegin?.o(.ctors)
 *(EXCLUDE_FILE(*crtend?.o *crtend.o) .ctors)
 *(SORT_BY_NAME(.ctors.*))
 *(.ctors)

.dtors
 *crtbegin.o(.dtors)
 *crtbegin?.o(.dtors)
 *(EXCLUDE_FILE(*crtend?.o *crtend.o) .dtors)
 *(SORT_BY_NAME(.dtors.*))
 *(.dtors)

.jcr
 *(.jcr)

.data.rel.ro    0x0000000000004da0        0x0
 *(.data.rel.ro.local* .gnu.linkonce.d.rel.ro.local.*)
 *(.data.rel.ro .data.rel.ro.* .gnu.linkonce.d.rel.ro.*)
 .data.rel.ro   0x0000000000004da0        0x0 /usr/lib/gcc/x86_64-linux-gnu/9/../../../x86_64-linux-gnu/Scrt1.o

.dynamic        0x0000000000004da0      0x1f0
 *(.dynamic)
 .dynamic       0x0000000000004da0      0x1f0 /usr/lib/gcc/x86_64-linux-gnu/9/../../../x86_64-linux-gnu/Scrt1.o
                0x0000000000004da0                _DYNAMIC

.got            0x0000000000004f90       0x70
 *(.got.plt)
 .got.plt       0x0000000000004f90       0x48 /usr/lib/gcc/x86_64-linux-gnu/9/../../../x86_64-linux-gnu/Scrt1.o
                0x0000000000004f90                _GLOBAL_OFFSET_TABLE_
 *(.igot.plt)
 *(.got)
 .got           0x0000000000004fd8       0x28 /usr/lib/gcc/x86_64-linux-gnu/9/../../../x86_64-linux-gnu/Scrt1.o
 *(.igot)
                0x0000000000005000                . = DATA_SEGMENT_RELRO_END (., 0x0)

.data           0x0000000000005000       0x10
 *(.data .data.* .gnu.linkonce.d.*)
 .data          0x0000000000005000        0x4 /usr/lib/gcc/x86_64-linux-gnu/9/../../../x86_64-linux-gnu/Scrt1.o
                0x0000000000005000                data_start
                0x0000000000005000                __data_start
 .data          0x0000000000005004        0x0 /usr/lib/gcc/x86_64-linux-gnu/9/../../../x86_64-linux-gnu/crti.o
 .data          0x0000000000005004        0x0 /usr/lib/gcc/x86_64-linux-gnu/9/crtbeginS.o
 *fill*         0x0000000000005004        0x4 
 .data.rel.local
                0x0000000000005008        0x8 /usr/lib/gcc/x86_64-linux-gnu/9/crtbeginS.o
                0x0000000000005008                __dso_handle
 .data          0x0000000000005010        0x0 ./src/main.o
 .data          0x0000000000005010        0x0 ./src/memory.o
 .data          0x0000000000005010        0x0 ./src/stats.o
 .data          0x0000000000005010        0x0 ./src/data.o
 .data          0x0000000000005010        0x0 ./src/course1.o
 .data          0x0000000000005010        0x0 /usr/lib/x86_64-linux-gnu/libc_nonshared.a(elf-init.oS)
 .data          0x0000000000005010        0x0 /usr/lib/gcc/x86_64-linux-gnu/9/crtendS.o
 .data          0x0000000000005010        0x0 /usr/lib/gcc/x86_64-linux-gnu/9/../../../x86_64-linux-gnu/crtn.o

.tm_clone_table
                0x0000000000005010        0x0
 .tm_clone_table
                0x0000000000005010        0x0 /usr/lib/gcc/x86_64-linux-gnu/9/crtbeginS.o
 .tm_clone_table
                0x0000000000005010        0x0 /usr/lib/gcc/x86_64-linux-gnu/9/crtendS.o

.data1
 *(.data1)
                0x0000000000005010                _edata = .
                [!provide]                        PROVIDE (edata = .)
                0x0000000000005010                . = .
                0x0000000000005010                __bss_start = .

.bss            0x0000000000005010        0x8
 *(.dynbss)
 .dynbss        0x0000000000005010        0x0 /usr/lib/gcc/x86_64-linux-gnu/9/../../../x86_64-linux-gnu/Scrt1.o
 *(.bss .bss.* .gnu.linkonce.b.*)
 .bss           0x0000000000005010        0x0 /usr/lib/gcc/x86_64-linux-gnu/9/../../../x86_64-linux-gnu/Scrt1.o
 .bss           0x0000000000005010        0x0 /usr/lib/gcc/x86_64-linux-gnu/9/../../../x86_64-linux-gnu/crti.o
 .bss           0x0000000000005010        0x1 /usr/lib/gcc/x86_64-linux-gnu/9/crtbeginS.o
 .bss           0x0000000000005011        0x0 ./src/main.o
 .bss           0x0000000000005011        0x0 ./src/memory.o
 .bss           0x0000000000005011        0x0 ./src/stats.o
 .bss           0x0000000000005011        0x0 ./src/data.o
 .bss           0x0000000000005011        0x0 ./src/course1.o
 .bss           0x0000000000005011        0x0 /usr/lib/x86_64-linux-gnu/libc_nonshared.a(elf-init.oS)
 .bss           0x0000000000005011        0x0 /usr/lib/gcc/x86_64-linux-gnu/9/crtendS.o
 .bss           0x0000000000005011        0x0 /usr/lib/gcc/x86_64-linux-gnu/9/../../../x86_64-linux-gnu/crtn.o
 *(COMMON)
                0x0000000000005018                . = ALIGN ((. != 0x0)?0x8:0x1)
 *fill*         0x0000000000005011        0x7 

.lbss
 *(.dynlbss)
 *(.lbss .lbss.* .gnu.linkonce.lb.*)
 *(LARGE_COMMON)
                0x0000000000005018                . = ALIGN (0x8)
                0x0000000000005018                . = SEGMENT_START ("ldata-segment", .)

.lrodata
 *(.lrodata .lrodata.* .gnu.linkonce.lr.*)

.ldata          0x0000000000007018        0x0
 *(.ldata .ldata.* .gnu.linkonce.l.*)
                0x0000000000007018                . = ALIGN ((. != 0x0)?0x8:0x1)
                0x0000000000007018                . = ALIGN (0x8)
                0x0000000000005018                _end = .
                [!provide]                        PROVIDE (end = .)
                0x0000000000007018                . = DATA_SEGMENT_END (.)

.stab
 *(.stab)

.stabstr
 *(.stabstr)

.stab.excl
 *(.stab.excl)

.stab.exclstr
 *(.stab.exclstr)

.stab.index
 *(.stab.index)

.stab.indexstr
 *(.stab.indexstr)

.comment        0x0000000000000000       0x2b
 *(.comment)
 .comment       0x0000000000000000       0x2b /usr/lib/gcc/x86_64-linux-gnu/9/crtbeginS.o
                                         0x2c (size before relaxing)
 .comment       0x000000000000002b       0x2c ./src/main.o
 .comment       0x000000000000002b       0x2c ./src/memory.o
 .comment       0x000000000000002b       0x2c ./src/stats.o
 .comment       0x000000000000002b       0x2c ./src/data.o
 .comment       0x000000000000002b       0x2c ./src/course1.o
 .comment       0x000000000000002b       0x2c /usr/lib/gcc/x86_64-linux-gnu/9/crtendS.o

.gnu.build.attributes
 *(.gnu.build.attributes .gnu.build.attributes.*)

.debug
 *(.debug)

.line
 *(.line)

.debug_srcinfo
 *(.debug_srcinfo)

.debug_sfnames
 *(.debug_sfnames)

.debug_aranges  0x0000000000000000       0xf0
 *(.debug_aranges)
 .debug_aranges
                0x0000000000000000       0x30 ./src/main.o
 .debug_aranges
                0x0000000000000030       0x30 ./src/memory.o
 .debug_aranges
                0x0000000000000060       0x30 ./src/stats.o
 .debug_aranges
                0x0000000000000090       0x30 ./src/data.o
 .debug_aranges
                0x00000000000000c0       0x30 ./src/course1.o

.debug_pubnames
 *(.debug_pubnames)

.debug_info     0x0000000000000000     0x1a01
 *(.debug_info .gnu.linkonce.wi.*)
 .debug_info    0x0000000000000000      0x2d0 ./src/main.o
 .debug_info    0x00000000000002d0      0x6c5 ./src/memory.o
 .debug_info    0x0000000000000995      0x57f ./src/stats.o
 .debug_info    0x0000000000000f14      0x433 ./src/data.o
 .debug_info    0x0000000000001347      0x6ba ./src/course1.o

.debug_abbrev   0x0000000000000000      0x5fe
 *(.debug_abbrev)
 .debug_abbrev  0x0000000000000000       0xc0 ./src/main.o
 .debug_abbrev  0x00000000000000c0      0x165 ./src/memory.o
 .debug_abbrev  0x0000000000000225      0x154 ./src/stats.o
 .debug_abbrev  0x0000000000000379      0x12d ./src/data.o
 .debug_abbrev  0x00000000000004a6      0x158 ./src/course1.o

.debug_line     0x0000000000000000      0xbb8
 *(.debug_line .debug_line.* .debug_line_end)
 .debug_line    0x0000000000000000       0xff ./src/main.o
 .debug_line    0x00000000000000ff      0x282 ./src/memory.o
 .debug_line    0x0000000000000381      0x238 ./src/stats.o
 .debug_line    0x00000000000005b9      0x1d2 ./src/data.o
 .debug_line    0x000000000000078b      0x42d ./src/course1.o

.debug_frame
 *(.debug_frame)

.debug_str      0x0000000000000000      0x4ca
 *(.debug_str)
 .debug_str     0x0000000000000000      0x2a0 ./src/main.o
                                        0x2e8 (size before relaxing)
 .debug_str     0x00000000000002a0       0xd8 ./src/memory.o
                                        0x3cf (size before relaxing)
 .debug_str     0x0000000000000378       0x83 ./src/stats.o
                                        0x35e (size before relaxing)
 .debug_str     0x00000000000003fb       0x39 ./src/data.o
                                        0x357 (size before relaxing)
 .debug_str     0x0000000000000434       0x96 ./src/course1.o
                                        0x3b9 (size before relaxing)

.debug_loc
 *(.debug_loc)

.debug_macinfo
 *(.debug_macinfo)

.debug_weaknames
 *(.debug_weaknames)

.debug_funcnames
 *(.debug_funcnames)

.debug_typenames
 *(.debug_typenames)

.debug_varnames
 *(.debug_varnames)

.debug_pubtypes
 *(.debug_pubtypes)

.debug_ranges
 *(.debug_ranges)

.debug_macro
 *(.debug_macro)

.debug_addr
 *(.debug_addr)

.gnu.attributes
 *(.gnu.attributes)

/DISCARD/
 *(.note.GNU-stack)
 *(.gnu_debuglink)
 *(.gnu.lto_*)
OUTPUT(finalAssesssment.out elf64-x86-64)
